  Determining projects to restore...
  All projects are up-to-date for restore.
D:\SLT\dotnet KPI With New DB\KPI\backend\Models\RtomArea.cs(11,23): warning CS8618: Non-nullable property 'AreaCode' must contain a non-null value when exiting constructor. Consider adding the 'required' modifier or declaring the property as nullable. [D:\SLT\dotnet KPI With New DB\KPI\backend\backend.csproj]
D:\SLT\dotnet KPI With New DB\KPI\backend\Models\RtomArea.cs(14,23): warning CS8618: Non-nullable property 'DisplayName' must contain a non-null value when exiting constructor. Consider adding the 'required' modifier or declaring the property as nullable. [D:\SLT\dotnet KPI With New DB\KPI\backend\backend.csproj]
D:\SLT\dotnet KPI With New DB\KPI\backend\Controllers\UsersController.cs(30,28): error CS1061: 'User' does not contain a definition for 'id' and no accessible extension method 'id' accepting a first argument of type 'User' could be found (are you missing a using directive or an assembly reference?) [D:\SLT\dotnet KPI With New DB\KPI\backend\backend.csproj]
D:\SLT\dotnet KPI With New DB\KPI\backend\Controllers\UsersController.cs(31,30): error CS1061: 'User' does not contain a definition for 'name' and no accessible extension method 'name' accepting a first argument of type 'User' could be found (are you missing a using directive or an assembly reference?) [D:\SLT\dotnet KPI With New DB\KPI\backend\backend.csproj]
D:\SLT\dotnet KPI With New DB\KPI\backend\Controllers\UsersController.cs(32,34): error CS1061: 'User' does not contain a definition for 'username' and no accessible extension method 'username' accepting a first argument of type 'User' could be found (are you missing a using directive or an assembly reference?) [D:\SLT\dotnet KPI With New DB\KPI\backend\backend.csproj]
D:\SLT\dotnet KPI With New DB\KPI\backend\Controllers\UsersController.cs(33,30): error CS1061: 'User' does not contain a definition for 'role' and no accessible extension method 'role' accepting a first argument of type 'User' could be found (are you missing a using directive or an assembly reference?) [D:\SLT\dotnet KPI With New DB\KPI\backend\backend.csproj]
D:\SLT\dotnet KPI With New DB\KPI\backend\Controllers\UsersController.cs(34,34): error CS1061: 'User' does not contain a definition for 'isActive' and no accessible extension method 'isActive' accepting a first argument of type 'User' could be found (are you missing a using directive or an assembly reference?) [D:\SLT\dotnet KPI With New DB\KPI\backend\backend.csproj]
D:\SLT\dotnet KPI With New DB\KPI\backend\Controllers\UsersController.cs(35,31): error CS1061: 'User' does not contain a definition for 'Pages' and no accessible extension method 'Pages' accepting a first argument of type 'User' could be found (are you missing a using directive or an assembly reference?) [D:\SLT\dotnet KPI With New DB\KPI\backend\backend.csproj]
D:\SLT\dotnet KPI With New DB\KPI\backend\Controllers\UsersController.cs(36,35): error CS1061: 'User' does not contain a definition for 'createdAt' and no accessible extension method 'createdAt' accepting a first argument of type 'User' could be found (are you missing a using directive or an assembly reference?) [D:\SLT\dotnet KPI With New DB\KPI\backend\backend.csproj]
D:\SLT\dotnet KPI With New DB\KPI\backend\Controllers\UsersController.cs(37,35): error CS1061: 'User' does not contain a definition for 'updatedAt' and no accessible extension method 'updatedAt' accepting a first argument of type 'User' could be found (are you missing a using directive or an assembly reference?) [D:\SLT\dotnet KPI With New DB\KPI\backend\backend.csproj]
D:\SLT\dotnet KPI With New DB\KPI\backend\Controllers\UsersController.cs(38,27): error CS1061: 'User' does not contain a definition for 'v' and no accessible extension method 'v' accepting a first argument of type 'User' could be found (are you missing a using directive or an assembly reference?) [D:\SLT\dotnet KPI With New DB\KPI\backend\backend.csproj]
D:\SLT\dotnet KPI With New DB\KPI\backend\Models\RegionData.cs(12,23): warning CS8618: Non-nullable property 'Region' must contain a non-null value when exiting constructor. Consider adding the 'required' modifier or declaring the property as nullable. [D:\SLT\dotnet KPI With New DB\KPI\backend\backend.csproj]
D:\SLT\dotnet KPI With New DB\KPI\backend\Models\RegionData.cs(15,23): warning CS8618: Non-nullable property 'Province' must contain a non-null value when exiting constructor. Consider adding the 'required' modifier or declaring the property as nullable. [D:\SLT\dotnet KPI With New DB\KPI\backend\backend.csproj]
D:\SLT\dotnet KPI With New DB\KPI\backend\Models\RegionData.cs(18,23): warning CS8618: Non-nullable property 'NetworkEngineer' must contain a non-null value when exiting constructor. Consider adding the 'required' modifier or declaring the property as nullable. [D:\SLT\dotnet KPI With New DB\KPI\backend\backend.csproj]
D:\SLT\dotnet KPI With New DB\KPI\backend\Models\RegionData.cs(21,23): warning CS8618: Non-nullable property 'LeaCode' must contain a non-null value when exiting constructor. Consider adding the 'required' modifier or declaring the property as nullable. [D:\SLT\dotnet KPI With New DB\KPI\backend\backend.csproj]
D:\SLT\dotnet KPI With New DB\KPI\backend\Controllers\UsersController.cs(55,71): error CS1061: 'User' does not contain a definition for 'id' and no accessible extension method 'id' accepting a first argument of type 'User' could be found (are you missing a using directive or an assembly reference?) [D:\SLT\dotnet KPI With New DB\KPI\backend\backend.csproj]
D:\SLT\dotnet KPI With New DB\KPI\backend\DTOs\TmActivityPlanDto.cs(24,23): warning CS8618: Non-nullable property 'Kpi' must contain a non-null value when exiting constructor. Consider adding the 'required' modifier or declaring the property as nullable. [D:\SLT\dotnet KPI With New DB\KPI\backend\backend.csproj]
D:\SLT\dotnet KPI With New DB\KPI\backend\DTOs\TmActivityPlanDto.cs(25,23): warning CS8618: Non-nullable property 'Target' must contain a non-null value when exiting constructor. Consider adding the 'required' modifier or declaring the property as nullable. [D:\SLT\dotnet KPI With New DB\KPI\backend\backend.csproj]
D:\SLT\dotnet KPI With New DB\KPI\backend\DTOs\TmActivityPlanDto.cs(26,23): warning CS8618: Non-nullable property 'Calculation' must contain a non-null value when exiting constructor. Consider adding the 'required' modifier or declaring the property as nullable. [D:\SLT\dotnet KPI With New DB\KPI\backend\backend.csproj]
D:\SLT\dotnet KPI With New DB\KPI\backend\DTOs\TmActivityPlanDto.cs(27,23): warning CS8618: Non-nullable property 'Platform' must contain a non-null value when exiting constructor. Consider adding the 'required' modifier or declaring the property as nullable. [D:\SLT\dotnet KPI With New DB\KPI\backend\backend.csproj]
D:\SLT\dotnet KPI With New DB\KPI\backend\DTOs\TmActivityPlanDto.cs(28,23): warning CS8618: Non-nullable property 'ResponsibleDGM' must contain a non-null value when exiting constructor. Consider adding the 'required' modifier or declaring the property as nullable. [D:\SLT\dotnet KPI With New DB\KPI\backend\backend.csproj]
D:\SLT\dotnet KPI With New DB\KPI\backend\DTOs\TmActivityPlanDto.cs(29,23): warning CS8618: Non-nullable property 'DefinedOLADetails' must contain a non-null value when exiting constructor. Consider adding the 'required' modifier or declaring the property as nullable. [D:\SLT\dotnet KPI With New DB\KPI\backend\backend.csproj]
D:\SLT\dotnet KPI With New DB\KPI\backend\DTOs\TmActivityPlanDto.cs(30,23): warning CS8618: Non-nullable property 'DataSources' must contain a non-null value when exiting constructor. Consider adding the 'required' modifier or declaring the property as nullable. [D:\SLT\dotnet KPI With New DB\KPI\backend\backend.csproj]
D:\SLT\dotnet KPI With New DB\KPI\backend\DTOs\TmActivityPlanDto.cs(10,23): warning CS8618: Non-nullable property 'No' must contain a non-null value when exiting constructor. Consider adding the 'required' modifier or declaring the property as nullable. [D:\SLT\dotnet KPI With New DB\KPI\backend\backend.csproj]
D:\SLT\dotnet KPI With New DB\KPI\backend\DTOs\TmActivityPlanDto.cs(11,23): warning CS8618: Non-nullable property 'Kpi' must contain a non-null value when exiting constructor. Consider adding the 'required' modifier or declaring the property as nullable. [D:\SLT\dotnet KPI With New DB\KPI\backend\backend.csproj]
D:\SLT\dotnet KPI With New DB\KPI\backend\DTOs\TmActivityPlanDto.cs(12,23): warning CS8618: Non-nullable property 'Target' must contain a non-null value when exiting constructor. Consider adding the 'required' modifier or declaring the property as nullable. [D:\SLT\dotnet KPI With New DB\KPI\backend\backend.csproj]
D:\SLT\dotnet KPI With New DB\KPI\backend\DTOs\TmActivityPlanDto.cs(13,23): warning CS8618: Non-nullable property 'Calculation' must contain a non-null value when exiting constructor. Consider adding the 'required' modifier or declaring the property as nullable. [D:\SLT\dotnet KPI With New DB\KPI\backend\backend.csproj]
D:\SLT\dotnet KPI With New DB\KPI\backend\DTOs\TmActivityPlanDto.cs(14,23): warning CS8618: Non-nullable property 'Platform' must contain a non-null value when exiting constructor. Consider adding the 'required' modifier or declaring the property as nullable. [D:\SLT\dotnet KPI With New DB\KPI\backend\backend.csproj]
D:\SLT\dotnet KPI With New DB\KPI\backend\DTOs\TmActivityPlanDto.cs(15,23): warning CS8618: Non-nullable property 'ResponsibleDGM' must contain a non-null value when exiting constructor. Consider adding the 'required' modifier or declaring the property as nullable. [D:\SLT\dotnet KPI With New DB\KPI\backend\backend.csproj]
D:\SLT\dotnet KPI With New DB\KPI\backend\DTOs\TmActivityPlanDto.cs(16,23): warning CS8618: Non-nullable property 'DefinedOLADetails' must contain a non-null value when exiting constructor. Consider adding the 'required' modifier or declaring the property as nullable. [D:\SLT\dotnet KPI With New DB\KPI\backend\backend.csproj]
D:\SLT\dotnet KPI With New DB\KPI\backend\DTOs\TmActivityPlanDto.cs(17,23): warning CS8618: Non-nullable property 'DataSources' must contain a non-null value when exiting constructor. Consider adding the 'required' modifier or declaring the property as nullable. [D:\SLT\dotnet KPI With New DB\KPI\backend\backend.csproj]
D:\SLT\dotnet KPI With New DB\KPI\backend\Controllers\UsersController.cs(88,21): error CS0117: 'User' does not contain a definition for 'id' [D:\SLT\dotnet KPI With New DB\KPI\backend\backend.csproj]
D:\SLT\dotnet KPI With New DB\KPI\backend\Controllers\UsersController.cs(89,21): error CS0117: 'User' does not contain a definition for 'username' [D:\SLT\dotnet KPI With New DB\KPI\backend\backend.csproj]
D:\SLT\dotnet KPI With New DB\KPI\backend\Controllers\UsersController.cs(90,21): error CS0117: 'User' does not contain a definition for 'name' [D:\SLT\dotnet KPI With New DB\KPI\backend\backend.csproj]
D:\SLT\dotnet KPI With New DB\KPI\backend\Controllers\UsersController.cs(91,21): error CS0117: 'User' does not contain a definition for 'role' [D:\SLT\dotnet KPI With New DB\KPI\backend\backend.csproj]
D:\SLT\dotnet KPI With New DB\KPI\backend\Controllers\UsersController.cs(92,21): error CS0117: 'User' does not contain a definition for 'isActive' [D:\SLT\dotnet KPI With New DB\KPI\backend\backend.csproj]
D:\SLT\dotnet KPI With New DB\KPI\backend\Controllers\UsersController.cs(93,21): error CS0117: 'User' does not contain a definition for 'Pages' [D:\SLT\dotnet KPI With New DB\KPI\backend\backend.csproj]
D:\SLT\dotnet KPI With New DB\KPI\backend\Controllers\UsersController.cs(94,21): error CS0117: 'User' does not contain a definition for 'createdAt' [D:\SLT\dotnet KPI With New DB\KPI\backend\backend.csproj]
D:\SLT\dotnet KPI With New DB\KPI\backend\Controllers\UsersController.cs(95,21): error CS0117: 'User' does not contain a definition for 'updatedAt' [D:\SLT\dotnet KPI With New DB\KPI\backend\backend.csproj]
D:\SLT\dotnet KPI With New DB\KPI\backend\Controllers\UsersController.cs(96,21): error CS0117: 'User' does not contain a definition for 'v' [D:\SLT\dotnet KPI With New DB\KPI\backend\backend.csproj]
D:\SLT\dotnet KPI With New DB\KPI\backend\Controllers\UsersController.cs(102,73): error CS1061: 'User' does not contain a definition for 'id' and no accessible extension method 'id' accepting a first argument of type 'User' could be found (are you missing a using directive or an assembly reference?) [D:\SLT\dotnet KPI With New DB\KPI\backend\backend.csproj]
D:\SLT\dotnet KPI With New DB\KPI\backend\Controllers\UsersController.cs(104,31): error CS1061: 'User' does not contain a definition for 'id' and no accessible extension method 'id' accepting a first argument of type 'User' could be found (are you missing a using directive or an assembly reference?) [D:\SLT\dotnet KPI With New DB\KPI\backend\backend.csproj]
D:\SLT\dotnet KPI With New DB\KPI\backend\Controllers\UsersController.cs(105,33): error CS1061: 'User' does not contain a definition for 'name' and no accessible extension method 'name' accepting a first argument of type 'User' could be found (are you missing a using directive or an assembly reference?) [D:\SLT\dotnet KPI With New DB\KPI\backend\backend.csproj]
D:\SLT\dotnet KPI With New DB\KPI\backend\Controllers\UsersController.cs(106,37): error CS1061: 'User' does not contain a definition for 'username' and no accessible extension method 'username' accepting a first argument of type 'User' could be found (are you missing a using directive or an assembly reference?) [D:\SLT\dotnet KPI With New DB\KPI\backend\backend.csproj]
D:\SLT\dotnet KPI With New DB\KPI\backend\Controllers\UsersController.cs(107,33): error CS1061: 'User' does not contain a definition for 'role' and no accessible extension method 'role' accepting a first argument of type 'User' could be found (are you missing a using directive or an assembly reference?) [D:\SLT\dotnet KPI With New DB\KPI\backend\backend.csproj]
D:\SLT\dotnet KPI With New DB\KPI\backend\Controllers\UsersController.cs(108,37): error CS1061: 'User' does not contain a definition for 'isActive' and no accessible extension method 'isActive' accepting a first argument of type 'User' could be found (are you missing a using directive or an assembly reference?) [D:\SLT\dotnet KPI With New DB\KPI\backend\backend.csproj]
D:\SLT\dotnet KPI With New DB\KPI\backend\Controllers\UsersController.cs(109,34): error CS1061: 'User' does not contain a definition for 'Pages' and no accessible extension method 'Pages' accepting a first argument of type 'User' could be found (are you missing a using directive or an assembly reference?) [D:\SLT\dotnet KPI With New DB\KPI\backend\backend.csproj]
D:\SLT\dotnet KPI With New DB\KPI\backend\Controllers\UsersController.cs(110,38): error CS1061: 'User' does not contain a definition for 'createdAt' and no accessible extension method 'createdAt' accepting a first argument of type 'User' could be found (are you missing a using directive or an assembly reference?) [D:\SLT\dotnet KPI With New DB\KPI\backend\backend.csproj]
D:\SLT\dotnet KPI With New DB\KPI\backend\Controllers\UsersController.cs(111,38): error CS1061: 'User' does not contain a definition for 'updatedAt' and no accessible extension method 'updatedAt' accepting a first argument of type 'User' could be found (are you missing a using directive or an assembly reference?) [D:\SLT\dotnet KPI With New DB\KPI\backend\backend.csproj]
D:\SLT\dotnet KPI With New DB\KPI\backend\Controllers\UsersController.cs(112,30): error CS1061: 'User' does not contain a definition for 'v' and no accessible extension method 'v' accepting a first argument of type 'User' could be found (are you missing a using directive or an assembly reference?) [D:\SLT\dotnet KPI With New DB\KPI\backend\backend.csproj]
D:\SLT\dotnet KPI With New DB\KPI\backend\Controllers\UsersController.cs(127,71): error CS1061: 'User' does not contain a definition for 'id' and no accessible extension method 'id' accepting a first argument of type 'User' could be found (are you missing a using directive or an assembly reference?) [D:\SLT\dotnet KPI With New DB\KPI\backend\backend.csproj]
D:\SLT\dotnet KPI With New DB\KPI\backend\Controllers\UsersController.cs(164,71): error CS1061: 'User' does not contain a definition for 'id' and no accessible extension method 'id' accepting a first argument of type 'User' could be found (are you missing a using directive or an assembly reference?) [D:\SLT\dotnet KPI With New DB\KPI\backend\backend.csproj]
D:\SLT\dotnet KPI With New DB\KPI\backend\Controllers\UsersController.cs(185,71): error CS1061: 'User' does not contain a definition for 'username' and no accessible extension method 'username' accepting a first argument of type 'User' could be found (are you missing a using directive or an assembly reference?) [D:\SLT\dotnet KPI With New DB\KPI\backend\backend.csproj]

Build FAILED.

D:\SLT\dotnet KPI With New DB\KPI\backend\Models\RtomArea.cs(11,23): warning CS8618: Non-nullable property 'AreaCode' must contain a non-null value when exiting constructor. Consider adding the 'required' modifier or declaring the property as nullable. [D:\SLT\dotnet KPI With New DB\KPI\backend\backend.csproj]
D:\SLT\dotnet KPI With New DB\KPI\backend\Models\RtomArea.cs(14,23): warning CS8618: Non-nullable property 'DisplayName' must contain a non-null value when exiting constructor. Consider adding the 'required' modifier or declaring the property as nullable. [D:\SLT\dotnet KPI With New DB\KPI\backend\backend.csproj]
D:\SLT\dotnet KPI With New DB\KPI\backend\Models\RegionData.cs(12,23): warning CS8618: Non-nullable property 'Region' must contain a non-null value when exiting constructor. Consider adding the 'required' modifier or declaring the property as nullable. [D:\SLT\dotnet KPI With New DB\KPI\backend\backend.csproj]
D:\SLT\dotnet KPI With New DB\KPI\backend\Models\RegionData.cs(15,23): warning CS8618: Non-nullable property 'Province' must contain a non-null value when exiting constructor. Consider adding the 'required' modifier or declaring the property as nullable. [D:\SLT\dotnet KPI With New DB\KPI\backend\backend.csproj]
D:\SLT\dotnet KPI With New DB\KPI\backend\Models\RegionData.cs(18,23): warning CS8618: Non-nullable property 'NetworkEngineer' must contain a non-null value when exiting constructor. Consider adding the 'required' modifier or declaring the property as nullable. [D:\SLT\dotnet KPI With New DB\KPI\backend\backend.csproj]
D:\SLT\dotnet KPI With New DB\KPI\backend\Models\RegionData.cs(21,23): warning CS8618: Non-nullable property 'LeaCode' must contain a non-null value when exiting constructor. Consider adding the 'required' modifier or declaring the property as nullable. [D:\SLT\dotnet KPI With New DB\KPI\backend\backend.csproj]
D:\SLT\dotnet KPI With New DB\KPI\backend\DTOs\TmActivityPlanDto.cs(24,23): warning CS8618: Non-nullable property 'Kpi' must contain a non-null value when exiting constructor. Consider adding the 'required' modifier or declaring the property as nullable. [D:\SLT\dotnet KPI With New DB\KPI\backend\backend.csproj]
D:\SLT\dotnet KPI With New DB\KPI\backend\DTOs\TmActivityPlanDto.cs(25,23): warning CS8618: Non-nullable property 'Target' must contain a non-null value when exiting constructor. Consider adding the 'required' modifier or declaring the property as nullable. [D:\SLT\dotnet KPI With New DB\KPI\backend\backend.csproj]
D:\SLT\dotnet KPI With New DB\KPI\backend\DTOs\TmActivityPlanDto.cs(26,23): warning CS8618: Non-nullable property 'Calculation' must contain a non-null value when exiting constructor. Consider adding the 'required' modifier or declaring the property as nullable. [D:\SLT\dotnet KPI With New DB\KPI\backend\backend.csproj]
D:\SLT\dotnet KPI With New DB\KPI\backend\DTOs\TmActivityPlanDto.cs(27,23): warning CS8618: Non-nullable property 'Platform' must contain a non-null value when exiting constructor. Consider adding the 'required' modifier or declaring the property as nullable. [D:\SLT\dotnet KPI With New DB\KPI\backend\backend.csproj]
D:\SLT\dotnet KPI With New DB\KPI\backend\DTOs\TmActivityPlanDto.cs(28,23): warning CS8618: Non-nullable property 'ResponsibleDGM' must contain a non-null value when exiting constructor. Consider adding the 'required' modifier or declaring the property as nullable. [D:\SLT\dotnet KPI With New DB\KPI\backend\backend.csproj]
D:\SLT\dotnet KPI With New DB\KPI\backend\DTOs\TmActivityPlanDto.cs(29,23): warning CS8618: Non-nullable property 'DefinedOLADetails' must contain a non-null value when exiting constructor. Consider adding the 'required' modifier or declaring the property as nullable. [D:\SLT\dotnet KPI With New DB\KPI\backend\backend.csproj]
D:\SLT\dotnet KPI With New DB\KPI\backend\DTOs\TmActivityPlanDto.cs(30,23): warning CS8618: Non-nullable property 'DataSources' must contain a non-null value when exiting constructor. Consider adding the 'required' modifier or declaring the property as nullable. [D:\SLT\dotnet KPI With New DB\KPI\backend\backend.csproj]
D:\SLT\dotnet KPI With New DB\KPI\backend\DTOs\TmActivityPlanDto.cs(10,23): warning CS8618: Non-nullable property 'No' must contain a non-null value when exiting constructor. Consider adding the 'required' modifier or declaring the property as nullable. [D:\SLT\dotnet KPI With New DB\KPI\backend\backend.csproj]
D:\SLT\dotnet KPI With New DB\KPI\backend\DTOs\TmActivityPlanDto.cs(11,23): warning CS8618: Non-nullable property 'Kpi' must contain a non-null value when exiting constructor. Consider adding the 'required' modifier or declaring the property as nullable. [D:\SLT\dotnet KPI With New DB\KPI\backend\backend.csproj]
D:\SLT\dotnet KPI With New DB\KPI\backend\DTOs\TmActivityPlanDto.cs(12,23): warning CS8618: Non-nullable property 'Target' must contain a non-null value when exiting constructor. Consider adding the 'required' modifier or declaring the property as nullable. [D:\SLT\dotnet KPI With New DB\KPI\backend\backend.csproj]
D:\SLT\dotnet KPI With New DB\KPI\backend\DTOs\TmActivityPlanDto.cs(13,23): warning CS8618: Non-nullable property 'Calculation' must contain a non-null value when exiting constructor. Consider adding the 'required' modifier or declaring the property as nullable. [D:\SLT\dotnet KPI With New DB\KPI\backend\backend.csproj]
D:\SLT\dotnet KPI With New DB\KPI\backend\DTOs\TmActivityPlanDto.cs(14,23): warning CS8618: Non-nullable property 'Platform' must contain a non-null value when exiting constructor. Consider adding the 'required' modifier or declaring the property as nullable. [D:\SLT\dotnet KPI With New DB\KPI\backend\backend.csproj]
D:\SLT\dotnet KPI With New DB\KPI\backend\DTOs\TmActivityPlanDto.cs(15,23): warning CS8618: Non-nullable property 'ResponsibleDGM' must contain a non-null value when exiting constructor. Consider adding the 'required' modifier or declaring the property as nullable. [D:\SLT\dotnet KPI With New DB\KPI\backend\backend.csproj]
D:\SLT\dotnet KPI With New DB\KPI\backend\DTOs\TmActivityPlanDto.cs(16,23): warning CS8618: Non-nullable property 'DefinedOLADetails' must contain a non-null value when exiting constructor. Consider adding the 'required' modifier or declaring the property as nullable. [D:\SLT\dotnet KPI With New DB\KPI\backend\backend.csproj]
D:\SLT\dotnet KPI With New DB\KPI\backend\DTOs\TmActivityPlanDto.cs(17,23): warning CS8618: Non-nullable property 'DataSources' must contain a non-null value when exiting constructor. Consider adding the 'required' modifier or declaring the property as nullable. [D:\SLT\dotnet KPI With New DB\KPI\backend\backend.csproj]
D:\SLT\dotnet KPI With New DB\KPI\backend\Controllers\UsersController.cs(30,28): error CS1061: 'User' does not contain a definition for 'id' and no accessible extension method 'id' accepting a first argument of type 'User' could be found (are you missing a using directive or an assembly reference?) [D:\SLT\dotnet KPI With New DB\KPI\backend\backend.csproj]
D:\SLT\dotnet KPI With New DB\KPI\backend\Controllers\UsersController.cs(31,30): error CS1061: 'User' does not contain a definition for 'name' and no accessible extension method 'name' accepting a first argument of type 'User' could be found (are you missing a using directive or an assembly reference?) [D:\SLT\dotnet KPI With New DB\KPI\backend\backend.csproj]
D:\SLT\dotnet KPI With New DB\KPI\backend\Controllers\UsersController.cs(32,34): error CS1061: 'User' does not contain a definition for 'username' and no accessible extension method 'username' accepting a first argument of type 'User' could be found (are you missing a using directive or an assembly reference?) [D:\SLT\dotnet KPI With New DB\KPI\backend\backend.csproj]
D:\SLT\dotnet KPI With New DB\KPI\backend\Controllers\UsersController.cs(33,30): error CS1061: 'User' does not contain a definition for 'role' and no accessible extension method 'role' accepting a first argument of type 'User' could be found (are you missing a using directive or an assembly reference?) [D:\SLT\dotnet KPI With New DB\KPI\backend\backend.csproj]
D:\SLT\dotnet KPI With New DB\KPI\backend\Controllers\UsersController.cs(34,34): error CS1061: 'User' does not contain a definition for 'isActive' and no accessible extension method 'isActive' accepting a first argument of type 'User' could be found (are you missing a using directive or an assembly reference?) [D:\SLT\dotnet KPI With New DB\KPI\backend\backend.csproj]
D:\SLT\dotnet KPI With New DB\KPI\backend\Controllers\UsersController.cs(35,31): error CS1061: 'User' does not contain a definition for 'Pages' and no accessible extension method 'Pages' accepting a first argument of type 'User' could be found (are you missing a using directive or an assembly reference?) [D:\SLT\dotnet KPI With New DB\KPI\backend\backend.csproj]
D:\SLT\dotnet KPI With New DB\KPI\backend\Controllers\UsersController.cs(36,35): error CS1061: 'User' does not contain a definition for 'createdAt' and no accessible extension method 'createdAt' accepting a first argument of type 'User' could be found (are you missing a using directive or an assembly reference?) [D:\SLT\dotnet KPI With New DB\KPI\backend\backend.csproj]
D:\SLT\dotnet KPI With New DB\KPI\backend\Controllers\UsersController.cs(37,35): error CS1061: 'User' does not contain a definition for 'updatedAt' and no accessible extension method 'updatedAt' accepting a first argument of type 'User' could be found (are you missing a using directive or an assembly reference?) [D:\SLT\dotnet KPI With New DB\KPI\backend\backend.csproj]
D:\SLT\dotnet KPI With New DB\KPI\backend\Controllers\UsersController.cs(38,27): error CS1061: 'User' does not contain a definition for 'v' and no accessible extension method 'v' accepting a first argument of type 'User' could be found (are you missing a using directive or an assembly reference?) [D:\SLT\dotnet KPI With New DB\KPI\backend\backend.csproj]
D:\SLT\dotnet KPI With New DB\KPI\backend\Controllers\UsersController.cs(55,71): error CS1061: 'User' does not contain a definition for 'id' and no accessible extension method 'id' accepting a first argument of type 'User' could be found (are you missing a using directive or an assembly reference?) [D:\SLT\dotnet KPI With New DB\KPI\backend\backend.csproj]
D:\SLT\dotnet KPI With New DB\KPI\backend\Controllers\UsersController.cs(88,21): error CS0117: 'User' does not contain a definition for 'id' [D:\SLT\dotnet KPI With New DB\KPI\backend\backend.csproj]
D:\SLT\dotnet KPI With New DB\KPI\backend\Controllers\UsersController.cs(89,21): error CS0117: 'User' does not contain a definition for 'username' [D:\SLT\dotnet KPI With New DB\KPI\backend\backend.csproj]
D:\SLT\dotnet KPI With New DB\KPI\backend\Controllers\UsersController.cs(90,21): error CS0117: 'User' does not contain a definition for 'name' [D:\SLT\dotnet KPI With New DB\KPI\backend\backend.csproj]
D:\SLT\dotnet KPI With New DB\KPI\backend\Controllers\UsersController.cs(91,21): error CS0117: 'User' does not contain a definition for 'role' [D:\SLT\dotnet KPI With New DB\KPI\backend\backend.csproj]
D:\SLT\dotnet KPI With New DB\KPI\backend\Controllers\UsersController.cs(92,21): error CS0117: 'User' does not contain a definition for 'isActive' [D:\SLT\dotnet KPI With New DB\KPI\backend\backend.csproj]
D:\SLT\dotnet KPI With New DB\KPI\backend\Controllers\UsersController.cs(93,21): error CS0117: 'User' does not contain a definition for 'Pages' [D:\SLT\dotnet KPI With New DB\KPI\backend\backend.csproj]
D:\SLT\dotnet KPI With New DB\KPI\backend\Controllers\UsersController.cs(94,21): error CS0117: 'User' does not contain a definition for 'createdAt' [D:\SLT\dotnet KPI With New DB\KPI\backend\backend.csproj]
D:\SLT\dotnet KPI With New DB\KPI\backend\Controllers\UsersController.cs(95,21): error CS0117: 'User' does not contain a definition for 'updatedAt' [D:\SLT\dotnet KPI With New DB\KPI\backend\backend.csproj]
D:\SLT\dotnet KPI With New DB\KPI\backend\Controllers\UsersController.cs(96,21): error CS0117: 'User' does not contain a definition for 'v' [D:\SLT\dotnet KPI With New DB\KPI\backend\backend.csproj]
D:\SLT\dotnet KPI With New DB\KPI\backend\Controllers\UsersController.cs(102,73): error CS1061: 'User' does not contain a definition for 'id' and no accessible extension method 'id' accepting a first argument of type 'User' could be found (are you missing a using directive or an assembly reference?) [D:\SLT\dotnet KPI With New DB\KPI\backend\backend.csproj]
D:\SLT\dotnet KPI With New DB\KPI\backend\Controllers\UsersController.cs(104,31): error CS1061: 'User' does not contain a definition for 'id' and no accessible extension method 'id' accepting a first argument of type 'User' could be found (are you missing a using directive or an assembly reference?) [D:\SLT\dotnet KPI With New DB\KPI\backend\backend.csproj]
D:\SLT\dotnet KPI With New DB\KPI\backend\Controllers\UsersController.cs(105,33): error CS1061: 'User' does not contain a definition for 'name' and no accessible extension method 'name' accepting a first argument of type 'User' could be found (are you missing a using directive or an assembly reference?) [D:\SLT\dotnet KPI With New DB\KPI\backend\backend.csproj]
D:\SLT\dotnet KPI With New DB\KPI\backend\Controllers\UsersController.cs(106,37): error CS1061: 'User' does not contain a definition for 'username' and no accessible extension method 'username' accepting a first argument of type 'User' could be found (are you missing a using directive or an assembly reference?) [D:\SLT\dotnet KPI With New DB\KPI\backend\backend.csproj]
D:\SLT\dotnet KPI With New DB\KPI\backend\Controllers\UsersController.cs(107,33): error CS1061: 'User' does not contain a definition for 'role' and no accessible extension method 'role' accepting a first argument of type 'User' could be found (are you missing a using directive or an assembly reference?) [D:\SLT\dotnet KPI With New DB\KPI\backend\backend.csproj]
D:\SLT\dotnet KPI With New DB\KPI\backend\Controllers\UsersController.cs(108,37): error CS1061: 'User' does not contain a definition for 'isActive' and no accessible extension method 'isActive' accepting a first argument of type 'User' could be found (are you missing a using directive or an assembly reference?) [D:\SLT\dotnet KPI With New DB\KPI\backend\backend.csproj]
D:\SLT\dotnet KPI With New DB\KPI\backend\Controllers\UsersController.cs(109,34): error CS1061: 'User' does not contain a definition for 'Pages' and no accessible extension method 'Pages' accepting a first argument of type 'User' could be found (are you missing a using directive or an assembly reference?) [D:\SLT\dotnet KPI With New DB\KPI\backend\backend.csproj]
D:\SLT\dotnet KPI With New DB\KPI\backend\Controllers\UsersController.cs(110,38): error CS1061: 'User' does not contain a definition for 'createdAt' and no accessible extension method 'createdAt' accepting a first argument of type 'User' could be found (are you missing a using directive or an assembly reference?) [D:\SLT\dotnet KPI With New DB\KPI\backend\backend.csproj]
D:\SLT\dotnet KPI With New DB\KPI\backend\Controllers\UsersController.cs(111,38): error CS1061: 'User' does not contain a definition for 'updatedAt' and no accessible extension method 'updatedAt' accepting a first argument of type 'User' could be found (are you missing a using directive or an assembly reference?) [D:\SLT\dotnet KPI With New DB\KPI\backend\backend.csproj]
D:\SLT\dotnet KPI With New DB\KPI\backend\Controllers\UsersController.cs(112,30): error CS1061: 'User' does not contain a definition for 'v' and no accessible extension method 'v' accepting a first argument of type 'User' could be found (are you missing a using directive or an assembly reference?) [D:\SLT\dotnet KPI With New DB\KPI\backend\backend.csproj]
D:\SLT\dotnet KPI With New DB\KPI\backend\Controllers\UsersController.cs(127,71): error CS1061: 'User' does not contain a definition for 'id' and no accessible extension method 'id' accepting a first argument of type 'User' could be found (are you missing a using directive or an assembly reference?) [D:\SLT\dotnet KPI With New DB\KPI\backend\backend.csproj]
D:\SLT\dotnet KPI With New DB\KPI\backend\Controllers\UsersController.cs(164,71): error CS1061: 'User' does not contain a definition for 'id' and no accessible extension method 'id' accepting a first argument of type 'User' could be found (are you missing a using directive or an assembly reference?) [D:\SLT\dotnet KPI With New DB\KPI\backend\backend.csproj]
D:\SLT\dotnet KPI With New DB\KPI\backend\Controllers\UsersController.cs(185,71): error CS1061: 'User' does not contain a definition for 'username' and no accessible extension method 'username' accepting a first argument of type 'User' could be found (are you missing a using directive or an assembly reference?) [D:\SLT\dotnet KPI With New DB\KPI\backend\backend.csproj]
    21 Warning(s)
    32 Error(s)

Time Elapsed 00:00:01.97
