D:\SLT\dotnet KPI With New DB\KPI\backend\Controllers\ServiceFulfilmentKpiController.cs(144,37): error CS1003: Syntax error, ',' expected [D:\SLT\dotnet KPI With New DB\KPI\backend\backend.csproj]
D:\SLT\dotnet KPI With New DB\KPI\backend\Controllers\ServiceFulfilmentKpiController.cs(145,10): error CS1002: ; expected [D:\SLT\dotnet KPI With New DB\KPI\backend\backend.csproj]
D:\SLT\dotnet KPI With New DB\KPI\backend\Controllers\ServiceFulfilmentKpiController.cs(147,13): error CS1519: Invalid token 'if' in class, record, struct, or interface member declaration [D:\SLT\dotnet KPI With New DB\KPI\backend\backend.csproj]
D:\SLT\dotnet KPI With New DB\KPI\backend\Controllers\ServiceFulfilmentKpiController.cs(147,17): error CS1031: Type expected [D:\SLT\dotnet KPI With New DB\KPI\backend\backend.csproj]
D:\SLT\dotnet KPI With New DB\KPI\backend\Controllers\ServiceFulfilmentKpiController.cs(147,17): error CS8124: Tuple must contain at least two elements. [D:\SLT\dotnet KPI With New DB\KPI\backend\backend.csproj]
D:\SLT\dotnet KPI With New DB\KPI\backend\Controllers\ServiceFulfilmentKpiController.cs(147,17): error CS1026: ) expected [D:\SLT\dotnet KPI With New DB\KPI\backend\backend.csproj]
D:\SLT\dotnet KPI With New DB\KPI\backend\Controllers\ServiceFulfilmentKpiController.cs(147,17): error CS1519: Invalid token '!' in class, record, struct, or interface member declaration [D:\SLT\dotnet KPI With New DB\KPI\backend\backend.csproj]
D:\SLT\dotnet KPI With New DB\KPI\backend\Controllers\ServiceFulfilmentKpiController.cs(147,38): error CS1519: Invalid token ')' in class, record, struct, or interface member declaration [D:\SLT\dotnet KPI With New DB\KPI\backend\backend.csproj]
D:\SLT\dotnet KPI With New DB\KPI\backend\Controllers\ServiceFulfilmentKpiController.cs(149,13): error CS1519: Invalid token 'if' in class, record, struct, or interface member declaration [D:\SLT\dotnet KPI With New DB\KPI\backend\backend.csproj]
D:\SLT\dotnet KPI With New DB\KPI\backend\Controllers\ServiceFulfilmentKpiController.cs(149,23): error CS8124: Tuple must contain at least two elements. [D:\SLT\dotnet KPI With New DB\KPI\backend\backend.csproj]
D:\SLT\dotnet KPI With New DB\KPI\backend\Controllers\ServiceFulfilmentKpiController.cs(149,23): error CS1026: ) expected [D:\SLT\dotnet KPI With New DB\KPI\backend\backend.csproj]
D:\SLT\dotnet KPI With New DB\KPI\backend\Controllers\ServiceFulfilmentKpiController.cs(149,23): error CS1519: Invalid token '==' in class, record, struct, or interface member declaration [D:\SLT\dotnet KPI With New DB\KPI\backend\backend.csproj]
D:\SLT\dotnet KPI With New DB\KPI\backend\Controllers\ServiceFulfilmentKpiController.cs(149,36): error CS1519: Invalid token '==' in class, record, struct, or interface member declaration [D:\SLT\dotnet KPI With New DB\KPI\backend\backend.csproj]
D:\SLT\dotnet KPI With New DB\KPI\backend\Controllers\ServiceFulfilmentKpiController.cs(150,35): error CS1001: Identifier expected [D:\SLT\dotnet KPI With New DB\KPI\backend\backend.csproj]
D:\SLT\dotnet KPI With New DB\KPI\backend\Controllers\ServiceFulfilmentKpiController.cs(159,13): error CS1519: Invalid token 'if' in class, record, struct, or interface member declaration [D:\SLT\dotnet KPI With New DB\KPI\backend\backend.csproj]
D:\SLT\dotnet KPI With New DB\KPI\backend\Controllers\ServiceFulfilmentKpiController.cs(159,17): error CS1031: Type expected [D:\SLT\dotnet KPI With New DB\KPI\backend\backend.csproj]
D:\SLT\dotnet KPI With New DB\KPI\backend\Controllers\ServiceFulfilmentKpiController.cs(159,17): error CS8124: Tuple must contain at least two elements. [D:\SLT\dotnet KPI With New DB\KPI\backend\backend.csproj]
D:\SLT\dotnet KPI With New DB\KPI\backend\Controllers\ServiceFulfilmentKpiController.cs(159,17): error CS1026: ) expected [D:\SLT\dotnet KPI With New DB\KPI\backend\backend.csproj]
D:\SLT\dotnet KPI With New DB\KPI\backend\Controllers\ServiceFulfilmentKpiController.cs(159,17): error CS1519: Invalid token '!' in class, record, struct, or interface member declaration [D:\SLT\dotnet KPI With New DB\KPI\backend\backend.csproj]
D:\SLT\dotnet KPI With New DB\KPI\backend\Controllers\ServiceFulfilmentKpiController.cs(159,24): error CS1519: Invalid token '.' in class, record, struct, or interface member declaration [D:\SLT\dotnet KPI With New DB\KPI\backend\backend.csproj]
D:\SLT\dotnet KPI With New DB\KPI\backend\Controllers\ServiceFulfilmentKpiController.cs(159,48): error CS1001: Identifier expected [D:\SLT\dotnet KPI With New DB\KPI\backend\backend.csproj]
D:\SLT\dotnet KPI With New DB\KPI\backend\Controllers\ServiceFulfilmentKpiController.cs(159,49): error CS1002: ; expected [D:\SLT\dotnet KPI With New DB\KPI\backend\backend.csproj]
D:\SLT\dotnet KPI With New DB\KPI\backend\Controllers\ServiceFulfilmentKpiController.cs(159,49): error CS1519: Invalid token ')' in class, record, struct, or interface member declaration [D:\SLT\dotnet KPI With New DB\KPI\backend\backend.csproj]
D:\SLT\dotnet KPI With New DB\KPI\backend\Controllers\ServiceFulfilmentKpiController.cs(162,23): error CS1519: Invalid token '=' in class, record, struct, or interface member declaration [D:\SLT\dotnet KPI With New DB\KPI\backend\backend.csproj]
D:\SLT\dotnet KPI With New DB\KPI\backend\Controllers\ServiceFulfilmentKpiController.cs(162,36): error CS1519: Invalid token '(' in class, record, struct, or interface member declaration [D:\SLT\dotnet KPI With New DB\KPI\backend\backend.csproj]
D:\SLT\dotnet KPI With New DB\KPI\backend\Controllers\ServiceFulfilmentKpiController.cs(162,39): error CS8124: Tuple must contain at least two elements. [D:\SLT\dotnet KPI With New DB\KPI\backend\backend.csproj]
D:\SLT\dotnet KPI With New DB\KPI\backend\Controllers\ServiceFulfilmentKpiController.cs(162,39): error CS1026: ) expected [D:\SLT\dotnet KPI With New DB\KPI\backend\backend.csproj]
D:\SLT\dotnet KPI With New DB\KPI\backend\Controllers\ServiceFulfilmentKpiController.cs(162,39): error CS1519: Invalid token '=>' in class, record, struct, or interface member declaration [D:\SLT\dotnet KPI With New DB\KPI\backend\backend.csproj]
D:\SLT\dotnet KPI With New DB\KPI\backend\Controllers\ServiceFulfilmentKpiController.cs(162,60): error CS1519: Invalid token '!=' in class, record, struct, or interface member declaration [D:\SLT\dotnet KPI With New DB\KPI\backend\backend.csproj]
D:\SLT\dotnet KPI With New DB\KPI\backend\Controllers\ServiceFulfilmentKpiController.cs(162,96): error CS1519: Invalid token '(' in class, record, struct, or interface member declaration [D:\SLT\dotnet KPI With New DB\KPI\backend\backend.csproj]
D:\SLT\dotnet KPI With New DB\KPI\backend\Controllers\ServiceFulfilmentKpiController.cs(162,97): error CS8124: Tuple must contain at least two elements. [D:\SLT\dotnet KPI With New DB\KPI\backend\backend.csproj]
D:\SLT\dotnet KPI With New DB\KPI\backend\Controllers\ServiceFulfilmentKpiController.cs(162,99): error CS1519: Invalid token '==' in class, record, struct, or interface member declaration [D:\SLT\dotnet KPI With New DB\KPI\backend\backend.csproj]
D:\SLT\dotnet KPI With New DB\KPI\backend\Controllers\ServiceFulfilmentKpiController.cs(162,112): error CS1519: Invalid token ')' in class, record, struct, or interface member declaration [D:\SLT\dotnet KPI With New DB\KPI\backend\backend.csproj]
D:\SLT\dotnet KPI With New DB\KPI\backend\Controllers\ServiceFulfilmentKpiController.cs(184,13): error CS1022: Type or namespace definition, or end-of-file expected [D:\SLT\dotnet KPI With New DB\KPI\backend\backend.csproj]
D:\SLT\dotnet KPI With New DB\KPI\backend\Controllers\ServiceFulfilmentKpiController.cs(184,29): error CS1001: Identifier expected [D:\SLT\dotnet KPI With New DB\KPI\backend\backend.csproj]
D:\SLT\dotnet KPI With New DB\KPI\backend\Controllers\ServiceFulfilmentKpiController.cs(189,9): error CS8803: Top-level statements must precede namespace and type declarations. [D:\SLT\dotnet KPI With New DB\KPI\backend\backend.csproj]
D:\SLT\dotnet KPI With New DB\KPI\backend\Controllers\ServiceFulfilmentKpiController.cs(190,9): error CS0106: The modifier 'public' is not valid for this item [D:\SLT\dotnet KPI With New DB\KPI\backend\backend.csproj]
D:\SLT\dotnet KPI With New DB\KPI\backend\Controllers\ServiceFulfilmentKpiController.cs(261,9): error CS0106: The modifier 'private' is not valid for this item [D:\SLT\dotnet KPI With New DB\KPI\backend\backend.csproj]
D:\SLT\dotnet KPI With New DB\KPI\backend\Controllers\ServiceFulfilmentKpiController.cs(277,9): error CS0106: The modifier 'private' is not valid for this item [D:\SLT\dotnet KPI With New DB\KPI\backend\backend.csproj]
D:\SLT\dotnet KPI With New DB\KPI\backend\Controllers\ServiceFulfilmentKpiController.cs(294,5): error CS1022: Type or namespace definition, or end-of-file expected [D:\SLT\dotnet KPI With New DB\KPI\backend\backend.csproj]
D:\SLT\dotnet KPI With New DB\KPI\backend\Controllers\ServiceFulfilmentKpiController.cs(295,1): error CS1022: Type or namespace definition, or end-of-file expected [D:\SLT\dotnet KPI With New DB\KPI\backend\backend.csproj]

Build FAILED.
    0 Warning(s)
    41 Error(s)

Time Elapsed 00:00:01.30
